2026/09/28 15:52:56 [notice] 1#1: using the "epoll" event method
2026/09/28 15:52:56 [notice] 1#1: nginx/1.31.6
2026/09/28 15:52:56 [notice] 1#1: built by gcc 14.2.0 (Debian 14.2.0-19) 
2026/09/28 15:52:56 [notice] 1#1: OS: Linux 6.18.33.2-microsoft-standard-WSL2
2026/09/28 15:52:56 [notice] 1#1: getrlimit(RLIMIT_NOFILE): 1048576:1048576
2026/09/28 15:52:56 [notice] 1#1: start worker processes
2026/09/28 15:52:56 [notice] 1#1: start worker process 20
2026/09/28 15:52:56 [notice] 1#1: start worker process 21
2026/09/28 15:52:56 [notice] 1#1: start worker process 22
2026/09/28 15:52:56 [notice] 1#1: start worker process 23
2026/09/28 15:52:56 [notice] 1#1: start worker process 24
2026/09/28 15:52:56 [notice] 1#1: start worker process 25
2026/09/28 15:52:56 [notice] 1#1: start worker process 26
2026/09/28 15:52:56 [notice] 1#1: start worker process 27
2026/09/28 15:52:56 [notice] 1#1: start worker process 28
2026/09/28 15:52:56 [notice] 1#1: start worker process 29
2026/09/28 15:52:56 [notice] 1#1: start worker process 30
2026/09/28 15:52:56 [notice] 1#1: start worker process 31
2026/09/28 16:01:03 [notice] 1#1: signal 3 (SIGQUIT) received, shutting down
2026/09/28 16:01:03 [notice] 20#20: gracefully shutting down
2026/09/28 16:01:03 [notice] 21#21: gracefully shutting down
2026/09/28 16:01:03 [notice] 22#22: gracefully shutting down
2026/09/28 16:01:03 [notice] 23#23: gracefully shutting down
2026/09/28 16:01:03 [notice] 24#24: gracefully shutting down
2026/09/28 16:01:03 [notice] 25#25: gracefully shutting down
2026/09/28 16:01:03 [notice] 27#27: gracefully shutting down
2026/09/28 16:01:03 [notice] 26#26: gracefully shutting down
2026/09/28 16:01:03 [notice] 28#28: gracefully shutting down
2026/09/28 16:01:03 [notice] 29#29: gracefully shutting down
2026/09/28 16:01:03 [notice] 30#30: gracefully shutting down
2026/09/28 16:01:03 [notice] 31#31: gracefully shutting down
2026/09/28 16:01:03 [notice] 20#20: exiting
2026/09/28 16:01:03 [notice] 21#21: exiting
2026/09/28 16:01:03 [notice] 22#22: exiting
2026/09/28 16:01:03 [notice] 23#23: exiting
2026/09/28 16:01:03 [notice] 24#24: exiting
2026/09/28 16:01:03 [notice] 25#25: exiting
2026/09/28 16:01:03 [notice] 27#27: exiting
2026/09/28 16:01:03 [notice] 26#26: exiting
2026/09/28 16:01:03 [notice] 28#28: exiting
2026/09/28 16:01:03 [notice] 29#29: exiting
2026/09/28 16:01:03 [notice] 30#30: exiting
2026/09/28 16:01:03 [notice] 31#31: exiting
2026/09/28 16:01:03 [notice] 20#20: exit
2026/09/28 16:01:03 [notice] 21#21: exit
2026/09/28 16:01:03 [notice] 22#22: exit
2026/09/28 16:01:03 [notice] 23#23: exit
2026/09/28 16:01:03 [notice] 24#24: exit
2026/09/28 16:01:03 [notice] 25#25: exit
2026/09/28 16:01:03 [notice] 27#27: exit
2026/09/28 16:01:03 [notice] 26#26: exit
2026/09/28 16:01:03 [notice] 28#28: exit
2026/09/28 16:01:03 [notice] 29#29: exit
2026/09/28 16:01:03 [notice] 30#30: exit
2026/09/28 16:01:03 [notice] 31#31: exit
2026/09/28 16:01:03 [notice] 1#1: signal 17 (SIGCHLD) received from 21
2026/09/28 16:01:03 [notice] 1#1: worker process 20 exited with code 0
2026/09/28 16:01:03 [notice] 1#1: worker process 21 exited with code 0
2026/09/28 16:01:03 [notice] 1#1: worker process 23 exited with code 0
2026/09/28 16:01:03 [notice] 1#1: signal 29 (SIGIO) received
2026/09/28 16:01:03 [notice] 1#1: signal 17 (SIGCHLD) received from 20
2026/09/28 16:01:03 [notice] 1#1: signal 17 (SIGCHLD) received from 30
2026/09/28 16:01:03 [notice] 1#1: worker process 24 exited with code 0
2026/09/28 16:01:03 [notice] 1#1: worker process 26 exited with code 0
2026/09/28 16:01:03 [notice] 1#1: worker process 27 exited with code 0
2026/09/28 16:01:03 [notice] 1#1: worker process 29 exited with code 0
2026/09/28 16:01:03 [notice] 1#1: worker process 30 exited with code 0
2026/09/28 16:01:03 [notice] 1#1: signal 29 (SIGIO) received
2026/09/28 16:01:03 [notice] 1#1: signal 17 (SIGCHLD) received from 24
2026/09/28 16:01:03 [notice] 1#1: signal 17 (SIGCHLD) received from 22
2026/09/28 16:01:03 [notice] 1#1: worker process 22 exited with code 0
2026/09/28 16:01:03 [notice] 1#1: worker process 25 exited with code 0
2026/09/28 16:01:03 [notice] 1#1: worker process 28 exited with code 0
2026/09/28 16:01:03 [notice] 1#1: worker process 31 exited with code 0
2026/09/28 16:01:03 [notice] 1#1: exit
2026/09/28 16:01:13 [notice] 1#1: using the "epoll" event method
2026/09/28 16:01:13 [notice] 1#1: nginx/1.31.6
2026/09/28 16:01:13 [notice] 1#1: built by gcc 14.2.0 (Debian 14.2.0-19) 
2026/09/28 16:01:13 [notice] 1#1: OS: Linux 6.18.33.2-microsoft-standard-WSL2
2026/09/28 16:01:13 [notice] 1#1: getrlimit(RLIMIT_NOFILE): 1048576:1048576
2026/09/28 16:01:13 [notice] 1#1: start worker processes
2026/09/28 16:01:13 [notice] 1#1: start worker process 20
2026/09/28 16:01:13 [notice] 1#1: start worker process 21
2026/09/28 16:01:13 [notice] 1#1: start worker process 22
2026/09/28 16:01:13 [notice] 1#1: start worker process 23
2026/09/28 16:01:13 [notice] 1#1: start worker process 24
2026/09/28 16:01:13 [notice] 1#1: start worker process 25
2026/09/28 16:01:13 [notice] 1#1: start worker process 26
2026/09/28 16:01:13 [notice] 1#1: start worker process 27
2026/09/28 16:01:13 [notice] 1#1: start worker process 28
2026/09/28 16:01:13 [notice] 1#1: start worker process 29
2026/09/28 16:01:13 [notice] 1#1: start worker process 30
2026/09/28 16:01:13 [notice] 1#1: start worker process 31
2026/09/28 19:10:24 [error] 21#21: *1 open() "/var/www/hello.dev/favicon.ico" failed (2: No such file or directory), client: 172.18.0.1, server: hello.dev, request: "GET /favicon.ico HTTP/1.1", host: "127.0.0.1", referrer: "http://127.0.0.1/"
2026/09/28 19:17:43 [error] 20#20: *4 open() "/var/www/hello.dev/favicon.ico" failed (2: No such file or directory), client: 172.18.0.1, server: hello.dev, request: "GET /favicon.ico HTTP/1.1", host: "localhost", referrer: "http://localhost/"
